# FILE TYPE: DIY Calculator List (*.lst) file
# GENERATED: DIY Calculator Assembler V2.0
# DATE-TIME: May 05 15:10:28 2016
# SOURCEWAS: C:\Users\Tboy Simple\Desktop\Education\2nd year\2nd semester\Hardware Programming\DIY Calculator\Work\25th.asm

INSTBYTES: 43
DATABYTES: 1

LINE  ADDR   DATA      LABEL   OPCODE OPERAND
----- ---- --------  --------- ------ -------
00001                          .ORG   $4000
00002 4000 50 EF FF            BLDSP  $EFFF
00003 4003 F0 40 21            BLDIV  INTERRUP
00004 4006 08                  SETIM  
00005 4007 90 01     START:    LDA    $01
00006 4009 99 F0 32  NEXT:     STA    [$F032]
00007 400C 70                  SHL    
00008 400D 99 40 2B            STA    [N]
00009 4010 90 80               LDA    $80
00010 4012 81        WAIT:     DECA   
00011 4013 D6 40 12            JNZ    [WAIT]
00012 4016 91 40 2B            LDA    [N]
00013 4019 60 40               CMPA   %01000000
00014 401B D1 40 07            JZ     [START]
00015 401E C1 40 09            JMP    [NEXT]
00016 4021 09        INTERRUP: CLRIM  
00017 4022 B2                  PUSHA  
00018 4023 91 F0 11            LDA    [$F011]
00019 4026 99 F0 31            STA    [$F031]
00020 4029 B0                  POPA   
00021 402A C7                  RTI    
00022 402B 00        N:        .BYTE  
00023                          .END



CONSTANT LABELS CROSS-REFERENCE

  NAME     VALUE   LINE NUMBERS WHERE USED (* INDICATES DECLARATION)
-------- --------- ---------------------------------------------------



ADDRESS LABELS CROSS-REFERENCE

  NAME     VALUE   LINE NUMBERS WHERE USED (* INDICATES DECLARATION)
-------- --------- ---------------------------------------------------
INTERRUP ....4021  00003  00016* 
N        ....402B  00008  00012  00022* 
NEXT     ....4009  00006* 00015  
START    ....4007  00005* 00014  
WAIT     ....4012  00010* 00011  
